---
source: tests/requests/chapters.rs
expression: moved_chapter
---
Object {
    "book_id": Number(1),
    "created_at": String("2025-10-09T07:42:39Z"),
    "description": Null,
    "id": Number(2),
    "level": Number(0),
    "media_count": Number(0),
    "parent_id": Null,
    "path": String("2"),
    "sort_order": Number(10),
    "title": String("Child Chapter"),
    "updated_at": String("2025-10-09T07:42:39.289564Z"),
}
