---
source: tests/requests/chapters.rs
expression: moved_chapter
---
Object {
    "book_id": Number(1),
    "created_at": String("2025-10-08T05:55:06Z"),
    "description": Null,
    "id": Number(1),
    "sort_order": Number(2),
    "title": String("Chapter 1"),
    "updated_at": String("2025-10-08T05:55:06.688826Z"),
}
