---
source: tests/requests/chapters.rs
expression: moved_chapter
---
Object {
    "book_id": Number(1),
    "created_at": String("2025-10-07T17:14:21Z"),
    "description": Null,
    "id": Number(2),
    "sort_order": Number(1),
    "title": String("Chapter 2"),
    "updated_at": String("2025-10-07T17:14:21.264223Z"),
}
