---
source: tests/requests/chapters.rs
expression: reordered_chapter
---
Object {
    "book_id": Number(1),
    "created_at": String("2025-10-08T08:54:28Z"),
    "description": Null,
    "id": Number(1),
    "sort_order": Number(5),
    "title": String("Chapter to Reorder"),
    "updated_at": String("2025-10-08T08:54:28.531572Z"),
}
