---
source: tests/requests/medias.rs
expression: medias
---
[
    Object {
        "access_token": String("2290f955-a7b6-4738-96e6-eccb559b21b2"),
        "access_url": String("http://localhost:5150/public/media/2290f955-a7b6-4738-96e6-eccb559b21b2"),
        "book_id": Number(1),
        "chapter_id": Null,
        "created_at": String("2025-10-09T07:42:50Z"),
        "description": String("First audio"),
        "duration": Number(120),
        "file_path": String("/test/path.mp3"),
        "file_size": Number(1024000),
        "file_type": String("audio"),
        "file_version": Number(1),
        "id": Number(1),
        "is_public": Bool(false),
        "mime_type": String("audio/mpeg"),
        "original_filename": String("test.mp3"),
        "play_count": Number(0),
        "qr_code_path": Null,
        "title": String("Audio 1"),
        "updated_at": String("2025-10-09T07:42:50.968500Z"),
        "user_id": Number(1),
    },
    Object {
        "access_token": String("0d12db97-b2e3-49cd-a71e-1773aae772af"),
        "access_url": String("http://localhost:5150/public/media/0d12db97-b2e3-49cd-a71e-1773aae772af"),
        "book_id": Number(1),
        "chapter_id": Null,
        "created_at": String("2025-10-09T07:42:50Z"),
        "description": Null,
        "duration": Number(120),
        "file_path": String("/test/path.mp3"),
        "file_size": Number(1024000),
        "file_type": String("audio"),
        "file_version": Number(1),
        "id": Number(2),
        "is_public": Bool(false),
        "mime_type": String("audio/mpeg"),
        "original_filename": String("test.mp3"),
        "play_count": Number(0),
        "qr_code_path": Null,
        "title": String("Audio 2"),
        "updated_at": String("2025-10-09T07:42:50.969555Z"),
        "user_id": Number(1),
    },
    Object {
        "access_token": String("70eb09f8-fc91-47ff-abfe-92a280bcd9c9"),
        "access_url": String("http://localhost:5150/public/media/70eb09f8-fc91-47ff-abfe-92a280bcd9c9"),
        "book_id": Number(1),
        "chapter_id": Null,
        "created_at": String("2025-10-09T07:42:50Z"),
        "description": String("Third audio"),
        "duration": Number(120),
        "file_path": String("/test/path.mp3"),
        "file_size": Number(1024000),
        "file_type": String("audio"),
        "file_version": Number(1),
        "id": Number(3),
        "is_public": Bool(false),
        "mime_type": String("audio/mpeg"),
        "original_filename": String("test.mp3"),
        "play_count": Number(0),
        "qr_code_path": Null,
        "title": String("Audio 3"),
        "updated_at": String("2025-10-09T07:42:50.970515Z"),
        "user_id": Number(1),
    },
]
