---
source: tests/requests/medias.rs
expression: book1_medias
---
[
    Object {
        "access_token": String("4d1ad182-074c-43f7-b078-5f3073ba9b31"),
        "access_url": String("http://localhost:5150/public/media/4d1ad182-074c-43f7-b078-5f3073ba9b31"),
        "book_id": Number(1),
        "chapter_id": Null,
        "created_at": String("2025-10-10T17:00:13Z"),
        "description": String("First book audio"),
        "duration": Number(120),
        "file_path": String("/test/path.mp3"),
        "file_size": Number(1024000),
        "file_type": String("audio"),
        "file_version": Number(1),
        "id": Number(1),
        "is_public": Bool(false),
        "mime_type": String("audio/mpeg"),
        "original_filename": String("test.mp3"),
        "play_count": Number(0),
        "qr_code_path": Null,
        "title": String("Book 1 Audio 1"),
        "updated_at": String("2025-10-10T17:00:13.479791Z"),
        "user_id": Number(1),
    },
    Object {
        "access_token": String("2d661733-d230-47f9-9eb1-848848acecff"),
        "access_url": String("http://localhost:5150/public/media/2d661733-d230-47f9-9eb1-848848acecff"),
        "book_id": Number(1),
        "chapter_id": Null,
        "created_at": String("2025-10-10T17:00:13Z"),
        "description": String("Second book audio"),
        "duration": Number(120),
        "file_path": String("/test/path.mp3"),
        "file_size": Number(1024000),
        "file_type": String("audio"),
        "file_version": Number(1),
        "id": Number(2),
        "is_public": Bool(false),
        "mime_type": String("audio/mpeg"),
        "original_filename": String("test.mp3"),
        "play_count": Number(0),
        "qr_code_path": Null,
        "title": String("Book 1 Audio 2"),
        "updated_at": String("2025-10-10T17:00:13.480897Z"),
        "user_id": Number(1),
    },
]
