---
source: tests/requests/medias.rs
expression: media_response
---
Object {
    "access_token": String("a0bd9f5d-9c03-4be7-99aa-255547d940ba"),
    "access_url": String("http://localhost:5150/public/media/a0bd9f5d-9c03-4be7-99aa-255547d940ba"),
    "book_id": Number(1),
    "chapter_id": Null,
    "created_at": String("2025-10-09T07:42:48Z"),
    "description": String("Test Description"),
    "duration": Number(120),
    "file_path": String("/test/path.mp3"),
    "file_size": Number(1024000),
    "file_type": String("audio"),
    "file_version": Number(1),
    "id": Number(1),
    "is_public": Bool(false),
    "mime_type": String("audio/mpeg"),
    "original_filename": String("test.mp3"),
    "play_count": Number(0),
    "qr_code_path": Null,
    "title": String("Test Media"),
    "updated_at": String("2025-10-09T07:42:48.397314Z"),
    "user_id": Number(1),
}
