---
source: tests/requests/medias.rs
expression: all_medias
---
[
    Object {
        "access_token": String("1af59091-f114-46e7-a7b7-ebcbba77f449"),
        "access_url": String("http://localhost:5150/public/media/1af59091-f114-46e7-a7b7-ebcbba77f449"),
        "book_id": Number(1),
        "chapter_id": Number(1),
        "created_at": String("2025-10-10T10:19:30Z"),
        "description": String("Media in parent chapter"),
        "duration": Number(120),
        "file_path": String("/test/path.mp3"),
        "file_size": Number(1024000),
        "file_type": String("audio"),
        "file_version": Number(1),
        "id": Number(1),
        "is_public": Bool(false),
        "mime_type": String("audio/mpeg"),
        "original_filename": String("test.mp3"),
        "play_count": Number(0),
        "qr_code_path": Null,
        "title": String("Parent Media"),
        "updated_at": String("2025-10-10T10:19:30.971214Z"),
        "user_id": Number(1),
    },
    Object {
        "access_token": String("67dade89-68a4-4345-bbd4-9c4799c331db"),
        "access_url": String("http://localhost:5150/public/media/67dade89-68a4-4345-bbd4-9c4799c331db"),
        "book_id": Number(1),
        "chapter_id": Number(2),
        "created_at": String("2025-10-10T10:19:30Z"),
        "description": String("Media in child chapter"),
        "duration": Number(120),
        "file_path": String("/test/path.mp3"),
        "file_size": Number(1024000),
        "file_type": String("audio"),
        "file_version": Number(1),
        "id": Number(2),
        "is_public": Bool(false),
        "mime_type": String("audio/mpeg"),
        "original_filename": String("test.mp3"),
        "play_count": Number(0),
        "qr_code_path": Null,
        "title": String("Child Media"),
        "updated_at": String("2025-10-10T10:19:30.972376Z"),
        "user_id": Number(1),
    },
    Object {
        "access_token": String("e1409c9b-5921-4c67-814d-c1d4710041c2"),
        "access_url": String("http://localhost:5150/public/media/e1409c9b-5921-4c67-814d-c1d4710041c2"),
        "book_id": Number(1),
        "chapter_id": Number(3),
        "created_at": String("2025-10-10T10:19:30Z"),
        "description": String("Media in grandchild chapter"),
        "duration": Number(120),
        "file_path": String("/test/path.mp3"),
        "file_size": Number(1024000),
        "file_type": String("audio"),
        "file_version": Number(1),
        "id": Number(3),
        "is_public": Bool(false),
        "mime_type": String("audio/mpeg"),
        "original_filename": String("test.mp3"),
        "play_count": Number(0),
        "qr_code_path": Null,
        "title": String("Grandchild Media"),
        "updated_at": String("2025-10-10T10:19:30.973438Z"),
        "user_id": Number(1),
    },
]
