---
source: tests/requests/medias.rs
expression: all_medias
---
[
    Object {
        "access_token": String("2f739b25-1df3-4753-804e-542b671dd4e4"),
        "access_url": String("http://localhost:5150/public/media/2f739b25-1df3-4753-804e-542b671dd4e4"),
        "book_id": Number(1),
        "chapter_id": Number(1),
        "created_at": String("2025-10-10T17:00:15Z"),
        "description": String("Media in parent chapter"),
        "duration": Number(120),
        "file_path": String("/test/path.mp3"),
        "file_size": Number(1024000),
        "file_type": String("audio"),
        "file_version": Number(1),
        "id": Number(1),
        "is_public": Bool(false),
        "mime_type": String("audio/mpeg"),
        "original_filename": String("test.mp3"),
        "play_count": Number(0),
        "qr_code_path": Null,
        "title": String("Parent Media"),
        "updated_at": String("2025-10-10T17:00:15.499815Z"),
        "user_id": Number(1),
    },
    Object {
        "access_token": String("8f65d562-62e3-4b26-b055-187c00ff4321"),
        "access_url": String("http://localhost:5150/public/media/8f65d562-62e3-4b26-b055-187c00ff4321"),
        "book_id": Number(1),
        "chapter_id": Number(2),
        "created_at": String("2025-10-10T17:00:15Z"),
        "description": String("Media in child chapter"),
        "duration": Number(120),
        "file_path": String("/test/path.mp3"),
        "file_size": Number(1024000),
        "file_type": String("audio"),
        "file_version": Number(1),
        "id": Number(2),
        "is_public": Bool(false),
        "mime_type": String("audio/mpeg"),
        "original_filename": String("test.mp3"),
        "play_count": Number(0),
        "qr_code_path": Null,
        "title": String("Child Media"),
        "updated_at": String("2025-10-10T17:00:15.501115Z"),
        "user_id": Number(1),
    },
    Object {
        "access_token": String("bdfb1d4e-00cc-4a80-9162-c9ec923dd98b"),
        "access_url": String("http://localhost:5150/public/media/bdfb1d4e-00cc-4a80-9162-c9ec923dd98b"),
        "book_id": Number(1),
        "chapter_id": Number(3),
        "created_at": String("2025-10-10T17:00:15Z"),
        "description": String("Media in grandchild chapter"),
        "duration": Number(120),
        "file_path": String("/test/path.mp3"),
        "file_size": Number(1024000),
        "file_type": String("audio"),
        "file_version": Number(1),
        "id": Number(3),
        "is_public": Bool(false),
        "mime_type": String("audio/mpeg"),
        "original_filename": String("test.mp3"),
        "play_count": Number(0),
        "qr_code_path": Null,
        "title": String("Grandchild Media"),
        "updated_at": String("2025-10-10T17:00:15.502379Z"),
        "user_id": Number(1),
    },
]
