---
source: tests/requests/medias.rs
expression: updated_media
---
Object {
    "access_token": String("b280c5ca-6ac0-42b5-9ab2-db10e925fe79"),
    "access_url": String("http://localhost:5150/public/media/b280c5ca-6ac0-42b5-9ab2-db10e925fe79"),
    "book_id": Number(1),
    "chapter_id": Null,
    "created_at": String("2025-10-09T17:44:54Z"),
    "description": String("Updated Description"),
    "duration": Number(120),
    "file_path": String("/test/path.mp3"),
    "file_size": Number(1024000),
    "file_type": String("audio"),
    "file_version": Number(1),
    "id": Number(1),
    "is_public": Bool(true),
    "mime_type": String("audio/mpeg"),
    "original_filename": String("test.mp3"),
    "play_count": Number(0),
    "qr_code_path": Null,
    "title": String("Updated Title"),
    "updated_at": String("2025-10-09T17:44:54.978241Z"),
    "user_id": Number(1),
}
