---
source: tests/requests/medias.rs
expression: book1_medias
---
[
    Object {
        "access_token": String("8a5c5feb-cb30-41db-bc31-794cf0bfa2ed"),
        "access_url": String("http://localhost:5150/public/media/8a5c5feb-cb30-41db-bc31-794cf0bfa2ed"),
        "book_id": Number(1),
        "chapter_id": Null,
        "created_at": String("2025-10-10T09:59:40Z"),
        "description": String("First book audio"),
        "duration": Number(120),
        "file_path": String("/test/path.mp3"),
        "file_size": Number(1024000),
        "file_type": String("audio"),
        "file_version": Number(1),
        "id": Number(1),
        "is_public": Bool(false),
        "mime_type": String("audio/mpeg"),
        "original_filename": String("test.mp3"),
        "play_count": Number(0),
        "qr_code_path": Null,
        "title": String("Book 1 Audio 1"),
        "updated_at": String("2025-10-10T09:59:40.196545Z"),
        "user_id": Number(1),
    },
    Object {
        "access_token": String("6cc1437f-b91a-4253-9b9b-57038bd00124"),
        "access_url": String("http://localhost:5150/public/media/6cc1437f-b91a-4253-9b9b-57038bd00124"),
        "book_id": Number(1),
        "chapter_id": Null,
        "created_at": String("2025-10-10T09:59:40Z"),
        "description": String("Second book audio"),
        "duration": Number(120),
        "file_path": String("/test/path.mp3"),
        "file_size": Number(1024000),
        "file_type": String("audio"),
        "file_version": Number(1),
        "id": Number(2),
        "is_public": Bool(false),
        "mime_type": String("audio/mpeg"),
        "original_filename": String("test.mp3"),
        "play_count": Number(0),
        "qr_code_path": Null,
        "title": String("Book 1 Audio 2"),
        "updated_at": String("2025-10-10T09:59:40.197695Z"),
        "user_id": Number(1),
    },
]
