---
source: tests/requests/medias.rs
expression: updated_media
---
Object {
    "access_token": String("471a22cb-27e9-41b6-adf2-3f5201dca3cc"),
    "access_url": String("http://localhost:5150/public/media/471a22cb-27e9-41b6-adf2-3f5201dca3cc"),
    "book_id": Number(1),
    "chapter_id": Null,
    "created_at": String("2025-10-10T18:53:16Z"),
    "description": String("Updated Description"),
    "duration": Number(120),
    "file_path": String("/test/path.mp3"),
    "file_size": Number(1024000),
    "file_type": String("audio"),
    "file_version": Number(1),
    "id": Number(1),
    "is_public": Bool(true),
    "mime_type": String("audio/mpeg"),
    "original_filename": String("test.mp3"),
    "play_count": Number(0),
    "qr_code_path": Null,
    "title": String("Updated Title"),
    "updated_at": String("2025-10-10T18:53:16.390758Z"),
    "user_id": Number(1),
}
