---
source: tests/requests/medias.rs
expression: medias
---
[
    Object {
        "access_token": String("914e9929-5027-4567-8007-df0fd9573e92"),
        "access_url": String("http://localhost:5150/public/media/914e9929-5027-4567-8007-df0fd9573e92"),
        "book_id": Number(1),
        "chapter_id": Null,
        "created_at": String("2025-10-08T08:54:41Z"),
        "description": String("First audio"),
        "duration": Number(120),
        "file_path": String("/test/path.mp3"),
        "file_size": Number(1024000),
        "file_type": String("audio"),
        "file_version": Number(1),
        "id": Number(1),
        "is_public": Bool(false),
        "mime_type": String("audio/mpeg"),
        "original_filename": String("test.mp3"),
        "play_count": Number(0),
        "qr_code_path": Null,
        "title": String("Audio 1"),
        "updated_at": String("2025-10-08T08:54:41.865726Z"),
        "user_id": Number(1),
    },
    Object {
        "access_token": String("8ed50c95-cff0-4468-a5fb-aae3e61321a7"),
        "access_url": String("http://localhost:5150/public/media/8ed50c95-cff0-4468-a5fb-aae3e61321a7"),
        "book_id": Number(1),
        "chapter_id": Null,
        "created_at": String("2025-10-08T08:54:41Z"),
        "description": Null,
        "duration": Number(120),
        "file_path": String("/test/path.mp3"),
        "file_size": Number(1024000),
        "file_type": String("audio"),
        "file_version": Number(1),
        "id": Number(2),
        "is_public": Bool(false),
        "mime_type": String("audio/mpeg"),
        "original_filename": String("test.mp3"),
        "play_count": Number(0),
        "qr_code_path": Null,
        "title": String("Audio 2"),
        "updated_at": String("2025-10-08T08:54:41.867252Z"),
        "user_id": Number(1),
    },
    Object {
        "access_token": String("9b8d7728-4561-46d5-b878-4b67f2b40fec"),
        "access_url": String("http://localhost:5150/public/media/9b8d7728-4561-46d5-b878-4b67f2b40fec"),
        "book_id": Number(1),
        "chapter_id": Null,
        "created_at": String("2025-10-08T08:54:41Z"),
        "description": String("Third audio"),
        "duration": Number(120),
        "file_path": String("/test/path.mp3"),
        "file_size": Number(1024000),
        "file_type": String("audio"),
        "file_version": Number(1),
        "id": Number(3),
        "is_public": Bool(false),
        "mime_type": String("audio/mpeg"),
        "original_filename": String("test.mp3"),
        "play_count": Number(0),
        "qr_code_path": Null,
        "title": String("Audio 3"),
        "updated_at": String("2025-10-08T08:54:41.868333Z"),
        "user_id": Number(1),
    },
]
