---
source: tests/requests/medias.rs
expression: medias
---
[
    Object {
        "access_token": String("5045e3b0-6c36-4f58-93c7-ae3c1b88a3e9"),
        "access_url": String("http://localhost:5150/public/media/5045e3b0-6c36-4f58-93c7-ae3c1b88a3e9"),
        "book_id": Number(1),
        "chapter_id": Null,
        "created_at": String("2025-10-08T15:47:54Z"),
        "description": String("First audio"),
        "duration": Number(120),
        "file_path": String("/test/path.mp3"),
        "file_size": Number(1024000),
        "file_type": String("audio"),
        "file_version": Number(1),
        "id": Number(1),
        "is_public": Bool(false),
        "mime_type": String("audio/mpeg"),
        "original_filename": String("test.mp3"),
        "play_count": Number(0),
        "qr_code_path": Null,
        "title": String("Audio 1"),
        "updated_at": String("2025-10-08T15:47:54.401350Z"),
        "user_id": Number(1),
    },
    Object {
        "access_token": String("99da5d54-de5f-4517-b13e-cff35d5d77de"),
        "access_url": String("http://localhost:5150/public/media/99da5d54-de5f-4517-b13e-cff35d5d77de"),
        "book_id": Number(1),
        "chapter_id": Null,
        "created_at": String("2025-10-08T15:47:54Z"),
        "description": Null,
        "duration": Number(120),
        "file_path": String("/test/path.mp3"),
        "file_size": Number(1024000),
        "file_type": String("audio"),
        "file_version": Number(1),
        "id": Number(2),
        "is_public": Bool(false),
        "mime_type": String("audio/mpeg"),
        "original_filename": String("test.mp3"),
        "play_count": Number(0),
        "qr_code_path": Null,
        "title": String("Audio 2"),
        "updated_at": String("2025-10-08T15:47:54.402741Z"),
        "user_id": Number(1),
    },
    Object {
        "access_token": String("cbeebac9-70f7-4c36-b96d-985b48c9ace9"),
        "access_url": String("http://localhost:5150/public/media/cbeebac9-70f7-4c36-b96d-985b48c9ace9"),
        "book_id": Number(1),
        "chapter_id": Null,
        "created_at": String("2025-10-08T15:47:54Z"),
        "description": String("Third audio"),
        "duration": Number(120),
        "file_path": String("/test/path.mp3"),
        "file_size": Number(1024000),
        "file_type": String("audio"),
        "file_version": Number(1),
        "id": Number(3),
        "is_public": Bool(false),
        "mime_type": String("audio/mpeg"),
        "original_filename": String("test.mp3"),
        "play_count": Number(0),
        "qr_code_path": Null,
        "title": String("Audio 3"),
        "updated_at": String("2025-10-08T15:47:54.403709Z"),
        "user_id": Number(1),
    },
]
